// Vitest Snapshot v1, https://vitest.dev/guide/snapshot.html

exports[`CalendarToolbar — Hebrew baseline > snapshot כולל דשבורד פעיל (isOwner) 1`] = `"היוםמאי 2026שבוע עבודה"`;

exports[`CalendarToolbar — Hebrew baseline > snapshot של aria/title — שמות הניווט בעברית 1`] = `
"aria-label="דשבורד"
aria-label="הבא"
aria-label="קודם"
title="דשבורד דיווחי שעות""
`;

exports[`CalendarToolbar — Hebrew baseline > snapshot של טקסט גלוי בדסקטופ (RTL, עברית) 1`] = `"היוםמאי 2026שבוע עבודה"`;

exports[`FilterBar — Hebrew baseline > snapshot עם פילטר פעיל 1`] = `"סינון2"`;

exports[`FilterBar — Hebrew baseline > snapshot של title/aria/placeholder 1`] = `""`;

exports[`FilterBar — Hebrew baseline > snapshot של טקסט גלוי במצב סגור 1`] = `"סינון"`;

exports[`FilterBar — Hebrew baseline > snapshot של מבנה HTML מלא 1`] = `"<div class="filterContainer"><button class="trigger" type="button"><svg xmlns="http://www.w3.org/2000/svg" width="18" height="18" viewBox="0 0 24 24" fill="none" stroke="currentColor" stroke-width="2" stroke-linecap="round" stroke-linejoin="round" class="lucide lucide-funnel filterIcon" aria-hidden="true"><path d="M10 20a1 1 0 0 0 .553.895l2 1A1 1 0 0 0 14 21v-7a2 2 0 0 1 .517-1.341L21.74 4.67A1 1 0 0 0 21 3H3a1 1 0 0 0-.742 1.67l7.225 7.989A2 2 0 0 1 10 14z"></path></svg><span class="triggerText">סינון</span><svg xmlns="http://www.w3.org/2000/svg" width="18" height="18" viewBox="0 0 24 24" fill="none" stroke="currentColor" stroke-width="2" stroke-linecap="round" stroke-linejoin="round" class="lucide lucide-chevron-down chevron" aria-hidden="true"><path d="m6 9 6 6 6-6"></path></svg></button></div>"`;
