// Vitest Snapshot v1, https://vitest.dev/guide/snapshot.html

exports[`AllocationModal — Hebrew baseline > Hebrew inventory is unchanged from baseline (source ∪ he bundle) 1`] = `
[
  "{{count}} ימי עבודה",
  "אותם פרטים, מיד לאחר סיום ההקצאה הנוכחית",
  "אותם תאריכים, בחירת תפקיד ועובד חדש",
  "אחוז ביצוע",
  "אחוז משרה",
  "בחר עובד...",
  "ביטול",
  "הקצאה בודדת",
  "הקצאה מרובה",
  "חפיפה עם הקצאה קיימת!",
  "חפש יכולת...",
  "חפש פרויקט...",
  "יכולת",
  "יש לבחור עובד להקצאה זו",
  "יש לבחור פרויקט להקצאה זו",
  "לא ניתן להחליף עובד להקצאה עם שעות מדווחות",
  "לא ניתן לשמור - קיימת חפיפה עם הקצאה קיימת בתאריכים אלו",
  "לעובד זה כבר קיימת הקצאה לפרויקט זה בתאריכים החופפים. יש לשנות את התאריכים או לערוך את ההקצאה הקיימת.",
  "מחק",
  "סה"כ שעות",
  "סה״כ ביצוע",
  "סה״כ תכנון",
  "עובד",
  "פרויקט",
  "שגיאה בשמירת ההקצאה. נסה שוב.",
  "שומר...",
  "שכפול הקצאה",
  "שכפל",
  "שכפל לאותו עובד",
  "שכפל לעובד אחר",
  "שמור",
  "שעות ליום",
  "ש׳",
  "תאריך התחלה",
  "תאריך סיום",
]
`;
