// Vitest Snapshot v1, https://vitest.dev/guide/snapshot.html

exports[`SettingsDialog — Hebrew baseline > Hebrew inventory is unchanged from baseline (source ∪ he bundle) 1`] = `
[
  "אוטומטי (Monday)",
  "אופציונלי — עמודת הסטטוס עם סוג ההיעדרות (חופשה, מחלה…), מוצגת ב-tooltip של הזמינות",
  "אחוז משרה",
  "בחר את הלוח והעמודות שמכילות את נתוני ההקצאות",
  "בחר את הלוח והעמודות שמכילות את נתוני העובדים",
  "בחר את התוויות שמשמעותן שהבקשה אושרה (נדרש כשהמתג פעיל)",
  "בחר לוח פרויקטים",
  "בחר לוח פרויקטים...",
  "בחר לוח...",
  "בחר לייבלים שמייצגים פרויקטים חיצוניים...",
  "בחר לייבלים שמייצגים פרויקטים פנימיים...",
  "בחר מתוך הלוחות המקושרים בעמודת הפרויקט",
  "בחר סטטוסים פעילים...",
  "בחר סטטוסים שנחשבים מאושרים...",
  "בחר עמודה המכילה את מנהל הפרויקט לתצוגה בכרטיס הסיכום",
  "בחר עמודה...",
  "בחר עמודת Checkbox...",
  "בחר עמודת Mirror המכילה את סה"כ השעות המדווחות בפועל",
  "בחר עמודת יכולות...",
  "בחר עמודת יכולת...",
  "בחר עמודת לקוח...",
  "בחר עמודת מנהל פרויקט...",
  "בחר עמודת סוג פרויקט...",
  "בחר עמודת סטטוס לסיווג...",
  "בחר עמודת סטטוס...",
  "בחר עמודת שעות מתוכננות...",
  "בחר תוויות נדחה...",
  "בחר תווית...",
  "ביטול",
  "בקשות עם תוויות אלה מוחרגות מחישוב הזמינות תמיד — גם כשמדיניות האישור כבויה. הן נשארות גלויות רק באפליקציית החופשות.",
  "האם להציג את ההקצאות בשעות או באחוז משרה",
  "הגדר לוח פרויקטים וסינון פרויקטים פעילים",
  "הגדרות",
  "הגדרות JSON (טיוטה)",
  "הגדרות כלליות",
  "הגדרות כלליות למערכת",
  "הגדרות שעות עבודה",
  "ההגדרות יובאו לטיוטה. לחץ על "שמור שינויים" כדי להחיל.",
  "ההגדרות יוצאו לקובץ.",
  "הלוח שבו Day-off שומרת בקשות היעדרות וימי חברה. החלפת הלוח מאפסת את מיפויי העמודות והתוויות שמתחת",
  "העתק JSON",
  "הצג באחוזים",
  "הצג בשעות",
  "חודש",
  "חסרים שדות חובה - ניתן לשמור ולהשלים מאוחר יותר",
  "טוען לוחות...",
  "יום",
  "יחידת תצוגה",
  "ייבוא",
  "ייצוא",
  "ימי חברה עם סימון בעמודה הזו סוגרים את המשרד ומאפסים קיבולת לכולם; בלי סימון הם תצוגה בלבד. בלי מיפוי העמודה — כל ימי החברה יהיו תצוגה בלבד",
  "ימי עבודה פעילים",
  "לא ניתן לייבא הגדרות: הקובץ אינו JSON תקין.",
  "לא ניתן לייצא הגדרות.",
  "לא נמצאו לוחות מקושרים. וודא שבחרת עמודת פרויקט מסוג Board Relation בסעיף ההקצאות.",
  "לוח החופשות",
  "לוח הקצאות",
  "לוח חופשות (Day-off)",
  "לוח עובדים",
  "לוח פרויקטים",
  "לייבלים חיצוניים",
  "לייבלים פנימיים",
  "לקוח",
  "מזוהה אוטומטית מעמודת השעות בפועל. בחר ידנית אם קיימות כמה עמודות קישור.",
  "מיפוי לוח החופשות שמנוהל באפליקציית Day-off — מקור האמת להיעדרויות. היעדרות אישית מאושרת מאפסת את הקיבולת של העובד; יום חברה מחייב מאפס את כולם",
  "מנהל פרויקט",
  "משתמש (People Column)",
  "נשמר לפי מזהה תווית יציב — שינוי שם התווית בלוח בהמשך בטוח",
  "סה"כ שעות",
  "סוג פרויקט",
  "סטטוסים שנחשבים מאושרים",
  "סיווג פנימי/חיצוני?",
  "סינון לפי פרויקטים פעילים?",
  "סינון עובדים לא פעילים?",
  "סמן את הימים שבהם מתבצעת עבודה בחברה. ימים אלו ייספרו בחישובי עומסים ומאמץ.",
  "סנכרן לפי שדה שעות לחודש",
  "סנכרן לפי שדה שעות ליום",
  "סנכרן לפי שדה שעות לשבוע",
  "סנכרן שעות",
  "ספירת היעדרויות מאושרות בלבד",
  "עברית",
  "עובד",
  "עובדים לא פעילים לא יוצגו, ההקצאות שלהם לא ימשכו, והם לא ייכללו בחישובי עומס וזמינות.",
  "עלות הקצאה",
  "עלות מעביד",
  "עמודה לשמירת אחוז המשרה (מחושב אוטומטית משעות ליום)",
  "עמודת Board Relation המקשרת ללוח לקוחות",
  "עמודת Board Relation לשמירת הלקוח בכל הקצאה",
  "עמודת Dropdown עם רשימת היכולות של העובד. אם לא נבחר, היכולות יהיו זהות לתפקיד.",
  "עמודת People לשמירת מנהל הפרויקט בכל הקצאה",
  "עמודת האנשים עם העובד המבקש — חייבת להצביע על אותו משתמש monday כמו לוח העובדים",
  "עמודת הסטטוס שמבדילה בין בקשה אישית ליום חברה כללי",
  "עמודת חובה (Checkbox)",
  "עמודת יכולות",
  "עמודת יכולת בהקצאה",
  "עמודת מחזור האישור בלוח. נדרשת כשמדיניות האישור פעילה — ומומלצת תמיד: בלעדיה לא ניתן להחריג בקשות שנדחו.",
  "עמודת מספרים בלוח הפרויקטים — שעות העבודה המתוכננות לפרויקט, מוצגת בכרטיס הפרויקט",
  "עמודת סוג היעדרות",
  "עמודת סוג רשומה (אישי / כללי)",
  "עמודת סטטוס אישור",
  "עמודת סטטוס לסיווג",
  "עמודת סטטוס עובד",
  "עמודת סטטוס פרויקט",
  "עמודת סטטוס שתוצג ככרטיסיית סוג בכרטיס הפרויקט",
  "עמודת עובד (People)",
  "עמודת קישור הקצאות בלוח דיווחי השעות",
  "עמודת תאריך התחלה",
  "עמודת תאריך סיום",
  "ערך סטטוס "פעיל"",
  "ערכים אלו משמשים לחישוב אחוז משרה ותצוגות מאמץ אחרות.",
  "פעיל — רק בקשות שסטטוס האישור שלהן נמצא בקבוצת המאושרים מפחיתות קיבולת. כבוי — כל היעדרות אישית נספרת, כולל ממתינות ונדחות",
  "פרויקט",
  "פרויקטים שלא ממופים לאף קבוצה יוצגו תחת קבוצת "אחר".",
  "צא ללא שמירה",
  "קיימים שינויים שלא נשמרו. האם ברצונך לשמור אותם לפני היציאה?",
  "רבעון",
  "רמת הזום שתופיע כברירת מחדל בפתיחת הגאנט",
  "שבוע",
  "שימת לב: עמודת אנשים צריכה לאפשר בחירה של משתמש אחד בלבד. יש לסמן "הגבל בחירה לאיש אחד" בהגדרות העמודה ב-monday.",
  "שם עובד",
  "שמור וצא",
  "שמור שינויים",
  "שנה שדה כדי לאפשר סנכרון",
  "שעות לחודש",
  "שעות ליום",
  "שעות לשבוע",
  "שעות מדווחות (Mirror)",
  "שעות מתוכננות",
  "שעת התחלת יום עבודה",
  "שעת סיום יום עבודה",
  "שפת ממשק",
  "תאריך התחלה",
  "תאריך סיום",
  "תוויות "נדחה"",
  "תווית שמשמעותה היעדרות אישית",
  "תווית שמשמעותה יום חברה (כללי)",
  "תפקיד",
  "תצוגת ברירת מחדל",
  "● קיימים שינויים שלא נשמרו",
  "✓ כל ההגדרות תקינות",
]
`;
